HLS DOWNLOADER COORDINATOR LOG
schema=1
repository=ciaooo55/hls-downloader
canonical_task_registry_issue=#39
canonical_role_issue=#40
canonical_heartbeat_issue=#41
canonical_visitor_issue=#42

[2026-09-08T01:29:00+08:00] EVENT=ROLE_ASSIGNMENT
coordinator=worker-0
auditor=worker-0
workers=worker-0
reason=no separate auditor or ordinary worker is currently available; coordinator must self-assign, implement, and independently audit rather than freeze.

[2026-09-08T01:30:00+08:00] EVENT=COORDINATION_CHANNELS
registry_issue=#39
role_issue=#40
heartbeat_issue=#41
visitor_issue=#42
note=Concurrent initialization produced the canonical issues. Duplicate role issue #43 was closed as duplicate of #40 to keep one declaration channel.

[2026-09-08T01:30:30+08:00] EVENT=TASK_ASSIGNMENT task=HLS-C001 priority=P0 owner=worker-0 role=coordinator+auditor+worker
branch=coord/bootstrap-protocol
acceptance_criteria=
  AC1 handoff.md begins with canonical visitor/role/heartbeat/task-registry issue metadata.
  AC2 docs/manger.log records roles, assignment, acceptance criteria, and route decisions.
  AC3 docs/coordination/tasks.json is valid machine-readable JSON with priorities/status/owners/acceptance criteria and at least two unfinished planned tasks while one worker is active.
  AC4 docs/worker-logs/HLS-C001.md records implementation and independent review evidence.
  AC5 docs/architecture/coordination-protocol.md and docs/architecture/project-plan.md define the operating model and current route.
  AC6 work is split across multiple commits and proposed by PR; review compares the actual diff with AC1-AC5.

[2026-09-08T01:31:00+08:00] EVENT=ROUTE_DECISION
context=Project already has mature v7 architecture/refinement documentation and an open release-hardening PR #38.
decision=Bootstrap collaboration infrastructure first without rewriting existing product architecture; immediately follow with HLS-C002 independent audit of PR #38, then continue product-risk backlog by priority.
reason=The collaboration protocol is a prerequisite for safe multi-agent work, while #38 is already the highest-value active product change and should not be displaced by broad speculative refactors.

[2026-09-08T01:31:30+08:00] EVENT=BACKLOG_POLICY
minimum_unfinished_tasks=2
planned_unfinished_target=6
priority_order=P0>P1>P2>P3
claim_policy=Idle participants self-claim the highest-priority compatible task from docs/coordination/tasks.json and mirror the claim in Issue #39 without approval.
review_policy=Auditor checks acceptance evidence independently; task-owner assertions alone are insufficient.

[2026-09-08T01:34:30+08:00] EVENT=AUDIT task=HLS-C001 pr=#60 auditor=worker-0 result=PASS
independent_evidence=
  PR changed-file list contains exactly six coordination files and no product runtime/workflow files.
  Actual PR patch was compared with AC1-AC6.
  Direct branch reads confirmed handoff issue header and machine-readable task registry contents.
  Live issues confirmed canonical #39-#42 and duplicate #43 closed.
  PR #60 is mergeable.
ci_evidence=no PR workflow runs were returned for the documentation-only head; no CI success is claimed or used as acceptance evidence.
decision=Move HLS-C001 to review, refresh the final PR diff after audit-state commits, then merge with merge commits preserved if still clean and mergeable.

[2026-09-08T01:37:00+08:00] EVENT=TASK_COMPLETE task=HLS-C001 pr=#60 result=PASS merge=37cc077b32be25416ca9d01d118bf1d546a0b65b
note=PR #60 merged with merge method, preserving nine task commits.

[2026-09-08T01:37:15+08:00] EVENT=TASK_ASSIGNMENT task=HLS-C002 priority=P0 owner=worker-0 role=auditor
branch=audit/hls-c002-pr38
acceptance_criteria=
  AC1 Compare actual PR #38 diff with the four-workflow formal-release contract.
  AC2 Verify exact-SHA workflow lookup and GITHUB_SHA binding from source.
  AC3 Inspect required workflow conclusions for the current PR #38 head.
  AC4 Record PASS or actionable rejection evidence.
  AC5 Merge PR #38 only if audit passes and required checks are successful.

[2026-09-08T01:39:30+08:00] EVENT=AUDIT task=HLS-C002 pr=#38 auditor=worker-0 result=PASS_PENDING_FINAL_HEAD_REFRESH
reviewed_head=a99582c76e582210264ebc4e2f2761b6a41714f0
source_evidence=
  Maintenance Security and Rust Security remove main-push path filters while retaining pull-request path filters.
  Candidate manifest source commit/tree binding exists before security lookup.
  Formal GitHub Actions path requires GITHUB_REPOSITORY, GITHUB_SHA, and GH_TOKEN.
  GITHUB_SHA must equal current candidate commit.
  Security runs are queried by exact head_sha and accepted only for matching push event/head SHA with success conclusion.
workflow_evidence=
  Maintenance Security #38 completed/success.
  Rust Security #12 completed/success.
  v7 CI #475 completed/success.
  v7 Candidate Package #124 completed/success.
decision=Refresh PR #38 head and mergeability immediately before merge. Any head movement invalidates this PASS and requires re-audit.
